
> workspace@0.0.0 build C:\Users\kesar\Desktop\Learn_Flow_V2-main\Learn_Flow_V2-main
> pnpm run typecheck && pnpm -r --if-present run build


> workspace@0.0.0 typecheck C:\Users\kesar\Desktop\Learn_Flow_V2-main\Learn_Flow_V2-main
> pnpm run typecheck:libs && pnpm -r --filter "./artifacts/**" --filter "./scripts" --if-present run typecheck


> workspace@0.0.0 typecheck:libs C:\Users\kesar\Desktop\Learn_Flow_V2-main\Learn_Flow_V2-main
> tsc --build

Scope: 4 of 9 workspace projects
artifacts/api-server typecheck$ tsc -p tsconfig.json --noEmit
artifacts/lms typecheck$ tsc -p tsconfig.json --noEmit
artifacts/mockup-sandbox typecheck$ tsc -p tsconfig.json --noEmit
scripts typecheck$ tsc -p tsconfig.json --noEmit
scripts typecheck: Done
artifacts/api-server typecheck: src/routes/progress.ts(9,28): error TS2345: Argument of type 'string | string[]' is not assignable to parameter of type 'string'.
artifacts/api-server typecheck:   Type 'string[]' is not assignable to type 'string'.
artifacts/api-server typecheck: src/routes/progress.ts(29,28): error TS2345: Argument of type 'string | string[]' is not assignable to parameter of type 'string'.
artifacts/api-server typecheck:   Type 'string[]' is not assignable to type 'string'.
artifacts/api-server typecheck: src/routes/progress.ts(87,30): error TS2345: Argument of type 'string | string[]' is not assignable to parameter of type 'string'.
artifacts/api-server typecheck:   Type 'string[]' is not assignable to type 'string'.
artifacts/api-server typecheck: src/routes/subjects.ts(154,30): error TS2345: Argument of type 'string | string[]' is not assignable to parameter of type 'string'.
artifacts/api-server typecheck:   Type 'string[]' is not assignable to type 'string'.
artifacts/api-server typecheck: src/routes/subjects.ts(196,30): error TS2345: Argument of type 'string | string[]' is not assignable to parameter of type 'string'.
artifacts/api-server typecheck:   Type 'string[]' is not assignable to type 'string'.
artifacts/api-server typecheck: src/routes/subjects.ts(293,30): error TS2345: Argument of type 'string | string[]' is not assignable to parameter of type 'string'.
artifacts/api-server typecheck:   Type 'string[]' is not assignable to type 'string'.
artifacts/api-server typecheck: src/routes/subjects.ts(320,30): error TS2345: Argument of type 'string | string[]' is not assignable to parameter of type 'string'.
artifacts/api-server typecheck:   Type 'string[]' is not assignable to type 'string'.
artifacts/api-server typecheck: src/routes/videos.ts(9,28): error TS2345: Argument of type 'string | string[]' is not assignable to parameter of type 'string'.
artifacts/api-server typecheck:   Type 'string[]' is not assignable to type 'string'.
artifacts/api-server typecheck: Failed
C:\Users\kesar\Desktop\Learn_Flow_V2-main\Learn_Flow_V2-main\artifacts\api-server:
ΓÇëERR_PNPM_RECURSIVE_RUN_FIRST_FAILΓÇë @workspace/api-server@0.0.0 typecheck: `tsc -p tsconfig.json --noEmit`
Exit status 2
ΓÇëELIFECYCLEΓÇë Command failed with exit code 2.
ΓÇëELIFECYCLEΓÇë Command failed with exit code 2.
